  Determining projects to restore...
  All projects are up-to-date for restore.
C:\Users\Tuna\source\repos\WipeOut\Services\SystemRestoreService.cs(11,94): error CS1536: Invalid parameter type 'void' [C:\Users\Tuna\source\repos\WipeOut\WipeOut.csproj]
C:\Users\Tuna\.nuget\packages\microsoft.windowsappsdk.winui\1.8.260204000\buildTransitive\Microsoft.UI.Xaml.Markup.Compiler.interop.targets(845,9): error MSB3073: The command ""C:\Users\Tuna\.nuget\packages\microsoft.windowsappsdk.winui\1.8.260204000\buildTransitive\..\tools\net6.0\..\net472\XamlCompiler.exe" "obj\ARM64\Debug\net8.0-windows10.0.19041.0\win-arm64\\input.json" "obj\ARM64\Debug\net8.0-windows10.0.19041.0\win-arm64\\output.json"" exited with code 1. [C:\Users\Tuna\source\repos\WipeOut\WipeOut.csproj]

Build FAILED.

C:\Users\Tuna\source\repos\WipeOut\Services\SystemRestoreService.cs(11,94): error CS1536: Invalid parameter type 'void' [C:\Users\Tuna\source\repos\WipeOut\WipeOut.csproj]
C:\Users\Tuna\.nuget\packages\microsoft.windowsappsdk.winui\1.8.260204000\buildTransitive\Microsoft.UI.Xaml.Markup.Compiler.interop.targets(845,9): error MSB3073: The command ""C:\Users\Tuna\.nuget\packages\microsoft.windowsappsdk.winui\1.8.260204000\buildTransitive\..\tools\net6.0\..\net472\XamlCompiler.exe" "obj\ARM64\Debug\net8.0-windows10.0.19041.0\win-arm64\\input.json" "obj\ARM64\Debug\net8.0-windows10.0.19041.0\win-arm64\\output.json"" exited with code 1. [C:\Users\Tuna\source\repos\WipeOut\WipeOut.csproj]
    0 Warning(s)
    2 Error(s)

Time Elapsed 00:00:03.46
